Γû▓ Next.js 16.1.6 (Turbopack)
- Environments: .env
- Experiments (use with caution):
  ┬╖ optimizePackageImports

node.exe : ΓÜá The "middleware" 
file convention is deprecated. 
Please use "proxy" instead. 
Learn more: https://nextjs.org/d
ocs/messages/middleware-to-proxy
At line:1 char:1
+ & "C:\Program 
Files\nodejs/node.exe" 
"C:\Program 
Files\nodejs/node_mo ...
+ ~~~~~~~~~~~~~~~~~~~~~~~~~~~~~~
~~~~~~~~~~~~~~~~~~~~~~~~~~~~~~~~
~~~~~~~
    + CategoryInfo          : 
NotSp    ecified: (ΓÜá The 
"middle...lew    
are-to-proxy:String) [], Remote 
   Exception
    + FullyQualifiedErrorId : 
Nativ    eCommandError
 
  Creating an optimized production build ...
Γ£ô Compiled successfully in 17.4s
  Running TypeScript ...
  Collecting page data using 11 workers ...
  Generating static pages using 11 workers (0/20) ...
  Generating static pages using 11 workers (5/20) 
  Generating static pages using 11 workers (10/20) 
  Generating static pages using 11 workers (15/20) 
Γ£ô Generating static pages using 11 workers (20/20) in 1604.0ms
  Finalizing page optimization ...

Route (app)
Γöî Γùï /
Γö£ Γùï /_not-found
Γö£ ╞Æ /api/auth/[...nextauth]
Γö£ ╞Æ /api/auth/send-otp
Γö£ ╞Æ /api/auth/signup
Γö£ ╞Æ /api/auth/verify-otp
Γö£ ╞Æ /api/categories
Γö£ ╞Æ /api/comments/[id]
Γö£ ╞Æ /api/prompts
Γö£ ╞Æ /api/prompts/[id]
Γö£ ╞Æ /api/prompts/[id]/bookmark
Γö£ ╞Æ /api/prompts/[id]/comments
Γö£ ╞Æ /api/prompts/[id]/copy
Γö£ ╞Æ /api/prompts/[id]/upvote
Γö£ ╞Æ /api/uploadthing
Γö£ ╞Æ /api/users/me
Γö£ ╞Æ /api/users/me/bookmarks
Γö£ ╞Æ /api/users/me/prompts
Γö£ ╞Æ /api/users/me/stats
Γö£ ╞Æ /dashboard
Γö£ ╞Æ /dashboard/discover
Γö£ ╞Æ /dashboard/my-prompts
Γö£ ╞Æ /dashboard/prompt/[id]
Γö£ ╞Æ /dashboard/saved
Γö£ Γùï /dashboard/settings
Γö£ Γùï /dashboard/upload
Γö£ Γùï /login
Γö£ Γùï /robots.txt
Γö£ Γùï /signup
Γöö Γùï /sitemap.xml


╞Æ Proxy (Middleware)

Γùï  (Static)   prerendered as static content
╞Æ  (Dynamic)  server-rendered on demand

